// Jest Snapshot v1, https://goo.gl/fbAQLP

exports[`renders correctly with all props 1`] = `
<input
  aria-disabled={true}
  className="govuk-button lbh-button class1 class2 govuk-button--start"
  data-prevent-double-click={true}
  disabled={true}
  id="1234"
  name="Testname"
  onClick={[Function]}
  type="submit"
  value="Testvalue"
/>
`;

exports[`renders correctly without optional props 1`] = `
<input
  className="govuk-button lbh-button"
  onClick={[Function]}
  type="submit"
/>
`;
