// Jest Snapshot v1, https://goo.gl/fbAQLP

exports[`FieldsetLegend renders correctly with all props 1`] = `
<legend
  className="govuk-fieldset__legend class1 class2"
  id="Testid"
>
  <h1
    className="govuk-fieldset__heading"
  >
    Test
  </h1>
</legend>
`;

exports[`FieldsetLegend renders correctly without optional props 1`] = `
<legend
  className="govuk-fieldset__legend"
/>
`;
