// Jest Snapshot v1, https://goo.gl/fbAQLP

exports[`Fieldset renders correctly with all props 1`] = `
<fieldset
  aria-describedby="TestDescribedBy"
  className="govuk-fieldset lbh-fieldset class1 class2"
  id="Testid"
  role="test"
>
  <legend
    className="govuk-fieldset__legend lbh-fieldset__legend class3"
    id="Testid"
  >
    <h1
      className="govuk-fieldset__heading lbh-fieldset__heading"
    >
      TestLegend
    </h1>
  </legend>
  TestFieldsetChildren
</fieldset>
`;

exports[`Fieldset renders correctly without optional props 1`] = `
<fieldset
  className="govuk-fieldset lbh-fieldset"
>
  TestFieldsetChildren
</fieldset>
`;
